--- Startup times for process: Primary (or UI client) ---

times in msec
 clock   self+sourced   self:  sourced script
 clock   elapsed:              other lines

000.002  000.002: --- NVIM STARTING ---
000.842  000.841: event init
002.581  001.739: early init
003.693  001.112: locale set
004.034  000.341: init first window
005.912  001.878: inits 1
006.004  000.092: window checked
006.039  000.035: parsing arguments
008.324  000.272  000.272: require('vim.shared')
010.051  000.306  000.306: require('vim.inspect')
010.328  000.220  000.220: require('vim._options')
010.364  002.027  001.501: require('vim._editor')
010.371  002.453  000.154: require('vim._init_packages')
010.398  001.906: init lua interpreter
033.048  022.651: nvim_ui_attach
034.335  001.287: nvim_set_client_info
034.349  000.014: --- NVIM STARTED ---

--- Startup times for process: Embedded ---

times in msec
 clock   self+sourced   self:  sourced script
 clock   elapsed:              other lines

000.001  000.001: --- NVIM STARTING ---
002.920  002.918: event init
003.272  000.352: early init
004.477  001.206: locale set
004.859  000.382: init first window
006.871  002.012: inits 1
006.926  000.055: window checked
006.939  000.013: parsing arguments
009.242  000.148  000.148: require('vim.shared')
009.575  000.121  000.121: require('vim.inspect')
013.556  003.885  003.885: require('vim._options')
013.629  004.373  000.366: require('vim._editor')
013.639  004.622  000.100: require('vim._init_packages')
013.647  002.086: init lua interpreter
013.948  000.300: expanding arguments
014.072  000.125: inits 2
016.657  002.584: init highlight
016.664  000.008: waiting for UI
017.338  000.674: done waiting for UI
017.363  000.024: clear screen
018.024  000.040  000.040: require('vim.keymap')
022.579  000.520  000.520: sourcing nvim_exec2()
023.389  005.985  005.425: require('vim._defaults')
023.398  000.050: init default mappings & autocommands
027.371  000.341  000.341: sourcing /usr/share/nvim/runtime/ftplugin.vim
027.675  000.165  000.165: sourcing /usr/share/nvim/runtime/indent.vim
030.549  001.166  001.166: sourcing nvim_exec2() called at /home/paradox/.dotfiles/shell/.config/nvim/init.lua:0
030.948  002.775  001.609: require('config.settings')
037.174  001.852  001.852: require('lazy')
037.312  000.046  000.046: require('ffi')
037.477  000.092  000.092: require('vim.fs')
038.248  000.760  000.760: require('vim.uri')
038.320  000.996  000.145: require('vim.loader')
039.140  000.711  000.711: require('lazy.stats')
039.707  000.429  000.429: require('lazy.core.util')
040.173  000.457  000.457: require('lazy.core.config')
040.978  000.318  000.318: require('lazy.core.handler')
042.046  000.342  000.342: require('lazy.pkg')
042.094  000.768  000.426: require('lazy.core.meta')
042.119  001.133  000.365: require('lazy.core.plugin')
042.158  001.977  000.526: require('lazy.core.loader')
053.655  000.463  000.463: require('lazy.core.fragments')
060.940  000.279  000.279: require('lazy.core.handler.cmd')
061.230  000.267  000.267: require('lazy.core.handler.event')
061.473  000.232  000.232: require('lazy.core.handler.keys')
061.749  000.264  000.264: require('lazy.core.handler.ft')
062.401  000.030  000.030: sourcing nvim_exec2() called at /home/paradox/.dotfiles/shell/.config/nvim/init.lua:0
062.463  000.009  000.009: sourcing nvim_exec2() called at /home/paradox/.dotfiles/shell/.config/nvim/init.lua:0
063.754  000.649  000.649: sourcing nvim_exec2() called at /usr/share/nvim/runtime/filetype.lua:0
063.774  001.020  000.371: sourcing /usr/share/nvim/runtime/filetype.lua
063.797  001.172  000.152: sourcing nvim_exec2() called at /home/paradox/.dotfiles/shell/.config/nvim/init.lua:0
067.642  000.075  000.075: sourcing nvim_exec2() called at /home/paradox/.dotfiles/shell/.config/nvim/init.lua:0
067.723  000.008  000.008: sourcing nvim_exec2() called at /home/paradox/.dotfiles/shell/.config/nvim/init.lua:0
069.551  001.002  001.002: sourcing /home/paradox/.local/share/nvim/lazy/telescope.nvim/plugin/telescope.lua
069.583  001.175  000.173: sourcing nvim_exec2() called at /home/paradox/.dotfiles/shell/.config/nvim/init.lua:0
069.661  000.015  000.015: sourcing nvim_exec2() called at /home/paradox/.dotfiles/shell/.config/nvim/init.lua:0
069.716  000.008  000.008: sourcing nvim_exec2() called at /home/paradox/.dotfiles/shell/.config/nvim/init.lua:0
078.908  000.425  000.425: require('nvim-treesitter.utils')
086.018  000.216  000.216: require('vim.treesitter.language')
087.555  000.229  000.229: require('vim.func')
088.005  000.369  000.369: require('vim.func._memoize')
088.149  004.256  003.442: require('vim.treesitter.query')
088.516  000.359  000.359: require('vim.treesitter._range')
088.573  005.391  000.776: require('vim.treesitter.languagetree')
088.638  007.393  002.002: require('vim.treesitter')
095.397  016.469  009.076: require('nvim-treesitter.parsers')
096.865  000.281  000.281: require('nvim-treesitter.compat')
097.561  000.289  000.289: require('nvim-treesitter.ts_utils')
097.578  000.703  000.413: require('nvim-treesitter.tsrange')
097.823  000.240  000.240: require('nvim-treesitter.caching')
097.854  001.557  000.334: require('nvim-treesitter.query')
097.898  001.961  000.404: require('nvim-treesitter.configs')
097.910  002.488  000.527: require('nvim-treesitter.info')
098.289  000.375  000.375: require('nvim-treesitter.shell_command_selectors')
098.399  020.488  000.732: require('nvim-treesitter.install')
098.648  000.239  000.239: require('nvim-treesitter.statusline')
098.925  000.270  000.270: require('nvim-treesitter.query_predicates')
098.934  022.769  001.771: require('nvim-treesitter')
099.415  000.461  000.461: require('vim.iter')
106.330  030.433  007.204: sourcing /home/paradox/.local/share/nvim/lazy/nvim-treesitter/plugin/nvim-treesitter.lua
106.383  030.646  000.213: sourcing nvim_exec2() called at /home/paradox/.dotfiles/shell/.config/nvim/init.lua:0
106.430  000.013  000.013: sourcing nvim_exec2() called at /home/paradox/.dotfiles/shell/.config/nvim/init.lua:0
106.527  000.010  000.010: sourcing nvim_exec2() called at /home/paradox/.dotfiles/shell/.config/nvim/init.lua:0
110.353  000.428  000.428: require('nvim-treesitter.indent')
110.708  000.254  000.254: require('nvim-treesitter.highlight')
111.896  000.169  000.169: sourcing /home/paradox/.local/share/nvim/lazy/plenary.nvim/plugin/plenary.vim
111.921  000.367  000.197: sourcing nvim_exec2() called at /home/paradox/.dotfiles/shell/.config/nvim/init.lua:0
111.991  000.012  000.012: sourcing nvim_exec2() called at /home/paradox/.dotfiles/shell/.config/nvim/init.lua:0
112.086  000.009  000.009: sourcing nvim_exec2() called at /home/paradox/.dotfiles/shell/.config/nvim/init.lua:0
112.897  000.012  000.012: sourcing nvim_exec2() called at /home/paradox/.dotfiles/shell/.config/nvim/init.lua:0
112.942  000.007  000.007: sourcing nvim_exec2() called at /home/paradox/.dotfiles/shell/.config/nvim/init.lua:0
114.002  000.015  000.015: sourcing nvim_exec2() called at /home/paradox/.dotfiles/shell/.config/nvim/init.lua:0
114.079  000.009  000.009: sourcing nvim_exec2() called at /home/paradox/.dotfiles/shell/.config/nvim/init.lua:0
115.545  000.177  000.177: sourcing /home/paradox/.local/share/nvim/lazy/nvim-web-devicons/plugin/nvim-web-devicons.vim
115.567  000.366  000.189: sourcing nvim_exec2() called at /home/paradox/.dotfiles/shell/.config/nvim/init.lua:0
115.717  000.012  000.012: sourcing nvim_exec2() called at /home/paradox/.dotfiles/shell/.config/nvim/init.lua:0
115.771  000.008  000.008: sourcing nvim_exec2() called at /home/paradox/.dotfiles/shell/.config/nvim/init.lua:0
115.833  000.010  000.010: sourcing nvim_exec2() called at /home/paradox/.dotfiles/shell/.config/nvim/init.lua:0
115.914  000.009  000.009: sourcing nvim_exec2() called at /home/paradox/.dotfiles/shell/.config/nvim/init.lua:0
119.364  000.414  000.414: require('leetcode.config.template')
120.338  000.272  000.272: require('plenary.bit')
120.664  000.316  000.316: require('plenary.functional')
120.818  001.433  000.845: require('plenary.path')
121.248  000.408  000.408: require('leetcode.config.langs')
121.520  000.264  000.264: require('leetcode.config.icons')
121.825  000.295  000.295: require('leetcode.config.sessions')
122.155  000.322  000.322: require('leetcode.config.stats')
122.539  000.373  000.373: require('leetcode.config.imports')
123.094  000.545  000.545: require('leetcode.config.hooks')
123.110  004.533  000.480: require('leetcode.config')
123.125  006.738  002.204: require('leetcode')
126.016  000.391  000.391: require('leetcode.translator')
126.271  001.053  000.662: require('leetcode.logger')
126.666  000.385  000.385: require('leetcode.command.arguments')
128.768  000.687  000.687: require('vim.version')
140.769  013.301  012.615: require('nui.utils')
140.795  013.674  000.372: require('nui.utils.buf_storage')
140.864  014.191  000.517: require('nui.utils.autocmd')
140.982  016.410  000.781: require('leetcode.command')
144.750  001.052  001.052: sourcing /home/paradox/.local/share/nvim/lazy/nerdtree/autoload/nerdtree.vim
148.553  001.829  001.829: sourcing /home/paradox/.local/share/nvim/lazy/nerdtree/lib/nerdtree/path.vim
149.294  000.448  000.448: sourcing /home/paradox/.local/share/nvim/lazy/nerdtree/lib/nerdtree/menu_controller.vim
149.909  000.401  000.401: sourcing /home/paradox/.local/share/nvim/lazy/nerdtree/lib/nerdtree/menu_item.vim
150.491  000.348  000.348: sourcing /home/paradox/.local/share/nvim/lazy/nerdtree/lib/nerdtree/key_map.vim
151.550  000.812  000.812: sourcing /home/paradox/.local/share/nvim/lazy/nerdtree/lib/nerdtree/bookmark.vim
152.632  000.778  000.778: sourcing /home/paradox/.local/share/nvim/lazy/nerdtree/lib/nerdtree/tree_file_node.vim
155.235  002.385  002.385: sourcing /home/paradox/.local/share/nvim/lazy/nerdtree/lib/nerdtree/tree_dir_node.vim
155.827  000.356  000.356: sourcing /home/paradox/.local/share/nvim/lazy/nerdtree/lib/nerdtree/opener.vim
156.463  000.457  000.457: sourcing /home/paradox/.local/share/nvim/lazy/nerdtree/lib/nerdtree/creator.vim
156.794  000.101  000.101: sourcing /home/paradox/.local/share/nvim/lazy/nerdtree/lib/nerdtree/flag_set.vim
157.246  000.278  000.278: sourcing /home/paradox/.local/share/nvim/lazy/nerdtree/lib/nerdtree/nerdtree.vim
158.042  000.614  000.614: sourcing /home/paradox/.local/share/nvim/lazy/nerdtree/lib/nerdtree/ui.vim
158.359  000.062  000.062: sourcing /home/paradox/.local/share/nvim/lazy/nerdtree/lib/nerdtree/event.vim
158.727  000.104  000.104: sourcing /home/paradox/.local/share/nvim/lazy/nerdtree/lib/nerdtree/notifier.vim
160.336  001.360  001.360: sourcing /home/paradox/.local/share/nvim/lazy/nerdtree/autoload/nerdtree/ui_glue.vim
173.465  000.432  000.432: sourcing /home/paradox/.local/share/nvim/lazy/nerdtree/nerdtree_plugin/exec_menuitem.vim
204.303  028.719  028.719: sourcing /usr/share/nvim/runtime/autoload/provider/clipboard.vim
205.693  032.034  003.314: sourcing /home/paradox/.local/share/nvim/lazy/nerdtree/nerdtree_plugin/fs_menu.vim
206.033  000.151  000.151: sourcing /home/paradox/.local/share/nvim/lazy/nerdtree/nerdtree_plugin/vcs.vim
206.539  064.393  020.392: sourcing /home/paradox/.local/share/nvim/lazy/nerdtree/plugin/NERD_tree.vim
206.588  064.612  000.219: sourcing nvim_exec2() called at /home/paradox/.dotfiles/shell/.config/nvim/init.lua:0
207.747  000.016  000.016: sourcing nvim_exec2() called at /home/paradox/.dotfiles/shell/.config/nvim/init.lua:0
209.082  000.015  000.015: sourcing nvim_exec2() called at /home/paradox/.dotfiles/shell/.config/nvim/init.lua:0
211.360  000.644  000.644: sourcing /usr/share/nvim/runtime/plugin/editorconfig.lua
211.387  000.843  000.198: sourcing nvim_exec2() called at /home/paradox/.dotfiles/shell/.config/nvim/init.lua:0
213.170  000.819  000.819: sourcing /usr/share/nvim/runtime/plugin/gzip.vim
213.206  001.752  000.933: sourcing nvim_exec2() called at /home/paradox/.dotfiles/shell/.config/nvim/init.lua:0
214.211  000.837  000.837: sourcing /usr/share/nvim/runtime/plugin/man.lua
214.235  000.961  000.124: sourcing nvim_exec2() called at /home/paradox/.dotfiles/shell/.config/nvim/init.lua:0
217.003  000.753  000.753: sourcing /usr/share/nvim/runtime/pack/dist/opt/matchit/plugin/matchit.vim
217.123  002.676  001.923: sourcing /usr/share/nvim/runtime/plugin/matchit.vim
217.139  002.851  000.175: sourcing nvim_exec2() called at /home/paradox/.dotfiles/shell/.config/nvim/init.lua:0
217.793  000.464  000.464: sourcing /usr/share/nvim/runtime/plugin/matchparen.vim
217.810  000.572  000.108: sourcing nvim_exec2() called at /home/paradox/.dotfiles/shell/.config/nvim/init.lua:0
220.556  000.922  000.922: sourcing /usr/share/nvim/runtime/pack/dist/opt/netrw/plugin/netrwPlugin.vim
220.684  002.721  001.799: sourcing /usr/share/nvim/runtime/plugin/netrwPlugin.vim
220.699  002.832  000.111: sourcing nvim_exec2() called at /home/paradox/.dotfiles/shell/.config/nvim/init.lua:0
221.785  000.553  000.553: sourcing /usr/share/nvim/runtime/plugin/osc52.lua
221.808  000.725  000.171: sourcing nvim_exec2() called at /home/paradox/.dotfiles/shell/.config/nvim/init.lua:0
223.511  001.510  001.510: sourcing /usr/share/nvim/runtime/plugin/rplugin.vim
223.534  001.630  000.120: sourcing nvim_exec2() called at /home/paradox/.dotfiles/shell/.config/nvim/init.lua:0
223.968  000.193  000.193: sourcing /usr/share/nvim/runtime/plugin/shada.vim
223.985  000.418  000.225: sourcing nvim_exec2() called at /home/paradox/.dotfiles/shell/.config/nvim/init.lua:0
224.391  000.110  000.110: sourcing /usr/share/nvim/runtime/plugin/spellfile.vim
224.411  000.270  000.160: sourcing nvim_exec2() called at /home/paradox/.dotfiles/shell/.config/nvim/init.lua:0
225.076  000.332  000.332: sourcing /usr/share/nvim/runtime/plugin/tarPlugin.vim
225.096  000.466  000.134: sourcing nvim_exec2() called at /home/paradox/.dotfiles/shell/.config/nvim/init.lua:0
225.795  000.515  000.515: sourcing /usr/share/nvim/runtime/plugin/tohtml.lua
225.815  000.669  000.154: sourcing nvim_exec2() called at /home/paradox/.dotfiles/shell/.config/nvim/init.lua:0
226.045  000.081  000.081: sourcing /usr/share/nvim/runtime/plugin/tutor.vim
226.074  000.241  000.160: sourcing nvim_exec2() called at /home/paradox/.dotfiles/shell/.config/nvim/init.lua:0
226.723  000.483  000.483: sourcing /usr/share/nvim/runtime/plugin/zipPlugin.vim
226.738  000.613  000.131: sourcing nvim_exec2() called at /home/paradox/.dotfiles/shell/.config/nvim/init.lua:0
227.262  196.305  051.016: require('config.lazy')
227.874  000.603  000.603: require('config.keybindings')
227.889  199.929  000.246: sourcing /home/paradox/.config/nvim/init.lua
227.918  004.085: sourcing vimrc file(s)
229.245  000.284  000.284: sourcing /usr/share/nvim/runtime/filetype.lua
230.980  000.261  000.261: sourcing /usr/share/nvim/runtime/syntax/synload.vim
231.347  001.840  001.579: sourcing /usr/share/nvim/runtime/syntax/syntax.vim
231.428  001.386: inits 3
236.914  005.486: reading ShaDa
238.258  001.344: opening buffers
238.415  000.157: BufEnter autocommands
238.425  000.009: editing files in windows
238.449  000.024: --- NVIM STARTED ---

